// Jest Snapshot v1, https://goo.gl/fbAQLP

exports[`({ result }) => {

  const photographer = file => {
    const name = file.split(" ");
    return name[1] + " " + name[2];
  };

  return (
    _react2.default.createElement('div', { __source: { fileName: _jsxFileName, lineNumber: 13 }, __self: undefined },
      _react2.default.createElement('div', { className: 'thumb', __source: { fileName: _jsxFileName, lineNumber: 14 }, __self: undefined },
        _react2.default.createElement(_photo2.default, { image: result, __source: { fileName: _jsxFileName, lineNumber: 15 }, __self: undefined })),

      _react2.default.createElement('div', { className: 'optionname', __source: { fileName: _jsxFileName, lineNumber: 17 }, __self: undefined },
        _react2.default.createElement('p', { __source: { fileName: _jsxFileName, lineNumber: 18 }, __self: undefined }, ' ', photographer(result.file), ' '))));



} renders correctly and matches snapshot 1`] = `
<div>
  <div
    className="thumb"
  >
    <img
      alt="1 Alan Berryhill 2018-04-17 person, outdoors, rain.jpg"
      src="1 Alan Berryhill 2018-04-17 person, outdoors, rain.jpg"
    />
  </div>
  <div
    className="optionname"
  >
    <p>
       
      Alan Berryhill
       
    </p>
  </div>
</div>
`;
